[09Dec2025 14:35:50.308] [main/INFO] [cpw.mods.modlauncher.Launcher/MODLAUNCHER]: ModLauncher running: args [--launchTarget, neoforgeclientdev, --version, 21.8.31, --assetIndex, 26, --assetsDir, C:\\Users\\meixn\\.mcreator\\gradle\\caches\\neoformruntime\\assets, --fml.fmlVersion, 9.0.16, --fml.mcVersion, 1.21.8, --fml.neoForgeVersion, 21.8.31, --fml.neoFormVersion, 20250717.133445]
[09Dec2025 14:35:50.314] [main/INFO] [cpw.mods.modlauncher.Launcher/MODLAUNCHER]: JVM identified as Eclipse Adoptium OpenJDK 64-Bit Server VM 21.0.8+9-LTS
[09Dec2025 14:35:50.316] [main/INFO] [cpw.mods.modlauncher.Launcher/MODLAUNCHER]: ModLauncher 9.0 starting: java version 21.0.8 by Eclipse Adoptium; OS Windows 10 arch amd64 version 10.0
[09Dec2025 14:35:50.574] [main/INFO] [net.neoforged.fml.loading.ImmediateWindowHandler/]: Loading ImmediateWindowProvider fmlearlywindow
[09Dec2025 14:35:51.325] [main/INFO] [mixin/]: SpongePowered MIXIN Subsystem Version=0.8.7 Source=union:/C:/Users/meixn/.mcreator/gradle/caches/modules-2/files-2.1/net.fabricmc/sponge-mixin/0.15.2+mixin.0.8.7/2af2f021d8e02a0220dc27a7a72b4666d66d44ca/sponge-mixin-0.15.2+mixin.0.8.7.jar%23157!/ Service=ModLauncher Env=CLIENT
[09Dec2025 14:35:52.070] [fml-loadingscreen/INFO] [net.neoforged.fml.earlydisplay.render.LoadingScreenRenderer/]: GL info: Intel(R) HD Graphics 520 GL version 3.2.0 - Build 21.20.16.4639, Intel
[09Dec2025 14:35:52.350] [main/INFO] [net.neoforged.fml.loading.moddiscovery.locators.JarInJarDependencyLocator/]: Found 2 dependencies adding them to mods collection
[09Dec2025 14:35:52.353] [main/INFO] [net.neoforged.fml.loading.moddiscovery.ModDiscoverer/]: 
     Mod List:
		Name Version (Mod Id)

		Alan Walker Mod 1.3 (alan_walker_mod)
		Minecraft 1.21.8 (minecraft)
		NeoForge 21.8.31 (neoforge)
[09Dec2025 14:35:54.678] [main/INFO] [cpw.mods.modlauncher.LaunchServiceHandler/MODLAUNCHER]: Launching target 'neoforgeclientdev' with arguments [--version, 21.8.31, --assetsDir, C:\Users\meixn\.mcreator\gradle\caches\neoformruntime\assets, --assetIndex, 26]
[09Dec2025 14:35:58.799] [pool-6-thread-1/INFO] [MixinExtras|Service/]: Initializing MixinExtras via com.llamalad7.mixinextras.service.MixinExtrasServiceImpl(version=0.5.0).
[09Dec2025 14:35:59.494] [Datafixer Bootstrap/INFO] [com.mojang.datafixers.DataFixerBuilder/]: 272 Datafixer optimizations took 2003 milliseconds
[09Dec2025 14:36:12.103] [main/WARN] [net.minecraft.commands.Commands/]: Ambiguity between arguments [teleport, location] and [teleport, destination] with inputs: [0.1 -0.5 .9, 0 0 0]
[09Dec2025 14:36:12.106] [main/WARN] [net.minecraft.commands.Commands/]: Ambiguity between arguments [teleport, location] and [teleport, targets] with inputs: [0.1 -0.5 .9, 0 0 0]
[09Dec2025 14:36:12.111] [main/WARN] [net.minecraft.commands.Commands/]: Ambiguity between arguments [teleport, destination] and [teleport, targets] with inputs: [Player, 0123, @e, dd12be42-52a9-4a91-a8a1-11c01849e498]
[09Dec2025 14:36:12.114] [main/WARN] [net.minecraft.commands.Commands/]: Ambiguity between arguments [teleport, targets] and [teleport, destination] with inputs: [Player, 0123, dd12be42-52a9-4a91-a8a1-11c01849e498]
[09Dec2025 14:36:12.117] [main/WARN] [net.minecraft.commands.Commands/]: Ambiguity between arguments [teleport, targets, location] and [teleport, targets, destination] with inputs: [0.1 -0.5 .9, 0 0 0]
[09Dec2025 14:36:12.121] [main/WARN] [net.minecraft.commands.Commands/]: Ambiguity between arguments [waypoint, modify, waypoint, color, reset] and [waypoint, modify, waypoint, color, color] with inputs: [reset]
[09Dec2025 14:36:12.291] [modloading-worker-0/INFO] [net.neoforged.neoforge.common.NeoForgeMod/NEOFORGE-MOD]: NeoForge mod loading, version 21.8.31, for MC 1.21.8
[09Dec2025 14:36:14.160] [Render thread/WARN] [net.minecraft.server.packs.VanillaPackResourcesBuilder/]: Assets URL 'union:/C:/Users/meixn/MCreatorWorkspaces/alan_walker_mod/build/moddev/artifacts/neoforge-21.8.31.jar%23212!/assets/.mcassetsroot' uses unexpected schema
[09Dec2025 14:36:14.162] [Render thread/WARN] [net.minecraft.server.packs.VanillaPackResourcesBuilder/]: Assets URL 'union:/C:/Users/meixn/MCreatorWorkspaces/alan_walker_mod/build/moddev/artifacts/neoforge-21.8.31.jar%23212!/data/.mcassetsroot' uses unexpected schema
[09Dec2025 14:36:14.226] [Render thread/INFO] [com.mojang.authlib.yggdrasil.YggdrasilAuthenticationService/]: Environment: Environment[sessionHost=https://sessionserver.mojang.com, servicesHost=https://api.minecraftservices.com, name=PROD]
[09Dec2025 14:36:14.253] [Render thread/INFO] [net.minecraft.client.Minecraft/]: Setting user: Dev
[09Dec2025 14:36:14.708] [Render thread/INFO] [net.minecraft.client.Minecraft/]: Backend library: LWJGL version 3.3.3+5
[09Dec2025 14:36:15.276] [Render thread/INFO] [net.minecraft.client.Minecraft/]: Using optional rendering extensions: GL_ARB_buffer_storage, GL_KHR_debug, GL_ARB_vertex_attrib_binding
[09Dec2025 14:36:17.295] [Render thread/INFO] [net.minecraft.server.packs.resources.ReloadableResourceManager/]: Reloading ResourceManager: vanilla, mod_resources, mod/neoforge, mod/alan_walker_mod
[09Dec2025 14:36:18.040] [resourceLoad/INFO] [net.minecraft.client.gui.font.providers.UnihexProvider/]: Found unifont_all_no_pua-16.0.03.hex, loading
[09Dec2025 14:36:18.052] [resourceLoad/INFO] [net.minecraft.client.gui.font.providers.UnihexProvider/]: Found unifont_pua-16.0.03.hex, loading
[09Dec2025 14:36:19.191] [resourceLoad/INFO] [net.minecraft.client.gui.font.providers.UnihexProvider/]: Found unifont_jp_patch-16.0.03.hex, loading
[09Dec2025 14:36:27.118] [Render thread/INFO] [com.mojang.blaze3d.audio.Library/]: OpenAL initialized on device OpenAL Soft on Lautsprecher (Realtek High Definition Audio)
[09Dec2025 14:36:27.119] [Render thread/INFO] [net.minecraft.client.sounds.SoundEngine/SOUNDS]: Sound engine started
[09Dec2025 14:36:27.333] [Render thread/INFO] [net.minecraft.client.renderer.texture.TextureAtlas/]: Created: 1024x1024x2 minecraft:textures/atlas/blocks.png-atlas
[09Dec2025 14:36:27.459] [Render thread/INFO] [net.minecraft.client.renderer.texture.TextureAtlas/]: Created: 256x256x2 minecraft:textures/atlas/signs.png-atlas
[09Dec2025 14:36:27.465] [Render thread/INFO] [net.minecraft.client.renderer.texture.TextureAtlas/]: Created: 512x512x2 minecraft:textures/atlas/shield_patterns.png-atlas
[09Dec2025 14:36:27.474] [Render thread/INFO] [net.minecraft.client.renderer.texture.TextureAtlas/]: Created: 512x512x2 minecraft:textures/atlas/banner_patterns.png-atlas
[09Dec2025 14:36:27.480] [Render thread/INFO] [net.minecraft.client.renderer.texture.TextureAtlas/]: Created: 2048x1024x2 minecraft:textures/atlas/armor_trims.png-atlas
[09Dec2025 14:36:27.538] [Render thread/INFO] [net.minecraft.client.renderer.texture.TextureAtlas/]: Created: 128x64x2 minecraft:textures/atlas/decorated_pot.png-atlas
[09Dec2025 14:36:27.540] [Render thread/INFO] [net.minecraft.client.renderer.texture.TextureAtlas/]: Created: 256x256x2 minecraft:textures/atlas/chest.png-atlas
[09Dec2025 14:36:27.542] [Render thread/INFO] [net.minecraft.client.renderer.texture.TextureAtlas/]: Created: 512x256x2 minecraft:textures/atlas/beds.png-atlas
[09Dec2025 14:36:27.545] [Render thread/INFO] [net.minecraft.client.renderer.texture.TextureAtlas/]: Created: 512x256x2 minecraft:textures/atlas/shulker_boxes.png-atlas
[09Dec2025 14:36:27.550] [Render thread/INFO] [net.minecraft.client.renderer.texture.TextureAtlas/]: Created: 64x64x0 minecraft:textures/atlas/map_decorations.png-atlas
[09Dec2025 14:36:27.673] [Render thread/INFO] [net.minecraft.client.renderer.texture.TextureAtlas/]: Created: 512x256x0 minecraft:textures/atlas/particles.png-atlas
[09Dec2025 14:36:27.682] [Render thread/INFO] [net.minecraft.client.renderer.texture.TextureAtlas/]: Created: 512x256x0 minecraft:textures/atlas/paintings.png-atlas
[09Dec2025 14:36:27.686] [Render thread/INFO] [net.minecraft.client.renderer.texture.TextureAtlas/]: Created: 1024x512x0 minecraft:textures/atlas/gui.png-atlas
[09Dec2025 14:36:27.761] [Render thread/INFO] [net.neoforged.neoforge.client.entity.animation.json.AnimationLoader/]: Loaded 0 entity animations
[09Dec2025 14:36:50.359] [Render thread/INFO] [net.minecraft.world.item.crafting.RecipeManager/]: Loaded 1408 recipes
[09Dec2025 14:36:50.383] [Render thread/INFO] [net.minecraft.advancements.AdvancementTree/]: Loaded 1521 advancements
[09Dec2025 14:36:50.387] [Render thread/INFO] [net.neoforged.neoforge.common.crafting.RecipePriorityManager/]: Loaded 0 recipe priority overrides
[09Dec2025 14:36:50.709] [Server thread/INFO] [net.minecraft.client.server.IntegratedServer/]: Starting integrated minecraft server version 1.21.8
[09Dec2025 14:36:50.710] [Server thread/INFO] [net.minecraft.server.MinecraftServer/]: Generating keypair
[09Dec2025 14:36:51.527] [Server thread/INFO] [net.minecraft.server.MinecraftServer/]: Preparing start region for dimension minecraft:overworld
[09Dec2025 14:36:52.110] [progressListener/INFO] [net.minecraft.server.level.progress.LoggerChunkProgressListener/]: Einstiegsbereich wird vorbereitet: 0 %
[09Dec2025 14:36:52.171] [progressListener/INFO] [net.minecraft.server.level.progress.LoggerChunkProgressListener/]: Einstiegsbereich wird vorbereitet: 0 %
[09Dec2025 14:36:52.204] [Server thread/INFO] [net.neoforged.neoforge.server.permission.PermissionAPI/]: Successfully initialized permission handler neoforge:default_handler
[09Dec2025 14:36:52.239] [progressListener/INFO] [net.minecraft.server.level.progress.LoggerChunkProgressListener/]: Time elapsed: 613 ms
[09Dec2025 14:36:52.385] [Server thread/INFO] [net.minecraft.client.server.IntegratedServer/]: Changing view distance to 5, from 10
[09Dec2025 14:36:52.386] [Server thread/INFO] [net.minecraft.client.server.IntegratedServer/]: Changing simulation distance to 12, from 0
[09Dec2025 14:36:54.346] [Server thread/INFO] [net.minecraft.server.players.PlayerList/]: Dev[local:E:6e25f8a1] logged in with entity id 2 at (74.29882703670896, 58.000635549029525, -15.449152530578504)
[09Dec2025 14:36:54.497] [Server thread/INFO] [net.minecraft.server.MinecraftServer/]: Dev hat das Spiel betreten
[09Dec2025 14:36:55.174] [Render thread/INFO] [net.minecraft.advancements.AdvancementTree/]: Loaded 81 advancements
[09Dec2025 14:36:56.554] [Render thread/INFO] [net.minecraft.client.renderer.DynamicUniformStorage/]: Resizing Dynamic Transforms UBO, capacity limit of 2 reached during a single frame. New capacity will be 4.
[09Dec2025 14:36:57.285] [Render thread/INFO] [net.minecraft.client.renderer.DynamicUniformStorage/]: Resizing Dynamic Transforms UBO, capacity limit of 4 reached during a single frame. New capacity will be 8.
[09Dec2025 14:36:57.438] [Render thread/INFO] [net.minecraft.client.renderer.DynamicUniformStorage/]: Resizing Dynamic Transforms UBO, capacity limit of 8 reached during a single frame. New capacity will be 16.
[09Dec2025 14:36:57.574] [Render thread/INFO] [net.minecraft.client.renderer.DynamicUniformStorage/]: Resizing Dynamic Transforms UBO, capacity limit of 16 reached during a single frame. New capacity will be 32.
[09Dec2025 14:36:57.781] [Render thread/INFO] [net.minecraft.client.renderer.DynamicUniformStorage/]: Resizing Dynamic Transforms UBO, capacity limit of 32 reached during a single frame. New capacity will be 64.
[09Dec2025 14:36:58.134] [Render thread/INFO] [net.minecraft.client.renderer.DynamicUniformStorage/]: Resizing Dynamic Transforms UBO, capacity limit of 64 reached during a single frame. New capacity will be 128.
[09Dec2025 14:37:17.378] [Render thread/INFO] [net.minecraft.advancements.AdvancementTree/]: Loaded 83 advancements
[09Dec2025 14:37:30.408] [Server thread/INFO] [net.minecraft.server.MinecraftServer/]: Dev hat den Fortschritt [Diamanten!] erzielt
[09Dec2025 14:37:30.435] [Render thread/INFO] [net.minecraft.client.gui.components.ChatComponent/]: [System] [CHAT] Dev hat den Fortschritt [Diamanten!] erzielt
[09Dec2025 14:37:30.443] [Render thread/INFO] [net.minecraft.advancements.AdvancementTree/]: Loaded 98 advancements
[09Dec2025 14:37:42.531] [Server thread/INFO] [net.minecraft.server.MinecraftServer/]: [Dev: 1 [Werkbank] an Dev gegeben]
[09Dec2025 14:37:42.534] [Render thread/INFO] [net.minecraft.client.gui.components.ChatComponent/]: [System] [CHAT] 1 [Werkbank] an Dev gegeben
[09Dec2025 14:37:42.556] [Render thread/INFO] [net.minecraft.advancements.AdvancementTree/]: Loaded 98 advancements
[09Dec2025 14:38:14.711] [Server thread/INFO] [net.minecraft.client.server.IntegratedServer/]: Saving and pausing game...
[09Dec2025 14:38:14.773] [Server thread/INFO] [net.minecraft.server.MinecraftServer/]: Saving chunks for level 'ServerLevel[Neue Welt]'/minecraft:overworld
[09Dec2025 14:38:14.795] [Server thread/INFO] [net.minecraft.server.MinecraftServer/]: Saving chunks for level 'ServerLevel[Neue Welt]'/minecraft:the_nether
[09Dec2025 14:38:14.796] [Server thread/INFO] [net.minecraft.server.MinecraftServer/]: Saving chunks for level 'ServerLevel[Neue Welt]'/minecraft:the_end
[09Dec2025 14:38:15.115] [Server thread/INFO] [net.minecraft.server.network.ServerGamePacketListenerImpl/]: Dev lost connection: Verbindung getrennt
[09Dec2025 14:38:15.115] [Server thread/INFO] [net.minecraft.server.MinecraftServer/]: Dev hat das Spiel verlassen
[09Dec2025 14:38:15.156] [Server thread/INFO] [net.minecraft.server.network.ServerCommonPacketListenerImpl/]: Stopping singleplayer server as player logged out
[09Dec2025 14:38:15.262] [Server thread/INFO] [net.minecraft.server.MinecraftServer/]: Stopping server
[09Dec2025 14:38:15.263] [Server thread/INFO] [net.minecraft.server.MinecraftServer/]: Saving players
[09Dec2025 14:38:15.263] [Server thread/INFO] [net.minecraft.server.MinecraftServer/]: Saving worlds
[09Dec2025 14:38:15.947] [Server thread/INFO] [net.minecraft.server.MinecraftServer/]: Saving chunks for level 'ServerLevel[Neue Welt]'/minecraft:overworld
[09Dec2025 14:38:15.998] [Server thread/INFO] [net.minecraft.server.MinecraftServer/]: Saving chunks for level 'ServerLevel[Neue Welt]'/minecraft:the_nether
[09Dec2025 14:38:16.005] [Server thread/INFO] [net.minecraft.server.MinecraftServer/]: Saving chunks for level 'ServerLevel[Neue Welt]'/minecraft:the_end
[09Dec2025 14:38:16.049] [Server thread/INFO] [net.minecraft.server.MinecraftServer/]: ThreadedAnvilChunkStorage (Neue Welt): All chunks are saved
[09Dec2025 14:38:16.049] [Server thread/INFO] [net.minecraft.server.MinecraftServer/]: ThreadedAnvilChunkStorage (DIM-1): All chunks are saved
[09Dec2025 14:38:16.049] [Server thread/INFO] [net.minecraft.server.MinecraftServer/]: ThreadedAnvilChunkStorage (DIM1): All chunks are saved
[09Dec2025 14:38:16.049] [Server thread/INFO] [net.minecraft.server.MinecraftServer/]: ThreadedAnvilChunkStorage: All dimensions are saved
[09Dec2025 14:38:17.078] [Render thread/INFO] [net.minecraft.client.Minecraft/]: Stopping!
